\BOOKMARK [1][-]{section.1}{\376\377\000I\000n\000t\000r\000o\000d\000u\000c\000t\000i\000o\000n}{}% 1
\BOOKMARK [1][-]{section.2}{\376\377\000R\000e\000l\000a\000t\000e\000d\000\040\000W\000o\000r\000k}{}% 2
\BOOKMARK [2][-]{subsection.2.1}{\376\377\000P\000h\000y\000s\000i\000o\000l\000o\000g\000i\000c\000a\000l\000\040\000H\000M\000S\000\040\000a\000n\000d\000\040\000t\000h\000e\000\040\000A\000f\000f\000e\000c\000t\000i\000v\000e\000\040\000C\000o\000m\000p\000u\000t\000i\000n\000g\000\040\000H\000e\000r\000i\000t\000a\000g\000e}{section.2}% 3
\BOOKMARK [2][-]{subsection.2.2}{\376\377\000A\000d\000a\000p\000t\000i\000v\000e\000\040\000A\000u\000t\000o\000m\000a\000t\000i\000o\000n\000\040\000a\000n\000d\000\040\000H\000u\000m\000a\000n\000-\000M\000a\000c\000h\000i\000n\000e\000\040\000T\000e\000a\000m\000i\000n\000g}{section.2}% 4
\BOOKMARK [2][-]{subsection.2.3}{\376\377\000C\000o\000n\000s\000t\000r\000u\000c\000t\000\040\000V\000a\000l\000i\000d\000i\000t\000y\000\040\000a\000n\000d\000\040\000t\000h\000e\000\040\000G\000r\000o\000u\000n\000d\000\040\000T\000r\000u\000t\000h\000\040\000P\000r\000o\000b\000l\000e\000m}{section.2}% 5
\BOOKMARK [1][-]{section.3}{\376\377\000T\000h\000e\000\040\000L\000a\000b\000e\000l\000S\000c\000o\000p\000e\000\040\000F\000r\000a\000m\000e\000w\000o\000r\000k}{}% 6
\BOOKMARK [2][-]{subsection.3.1}{\376\377\000M\000a\000t\000h\000e\000m\000a\000t\000i\000c\000a\000l\000\040\000F\000o\000r\000m\000a\000l\000i\000z\000a\000t\000i\000o\000n}{section.3}% 7
\BOOKMARK [2][-]{subsection.3.2}{\376\377\000A\000u\000d\000i\000t\000\040\000M\000o\000d\000u\000l\000e\000\040\0001\000:\000\040\000R\000e\000s\000o\000l\000u\000t\000i\000o\000n\000\040\000A\000u\000d\000i\000t\000\040\000\050\000R\000A\000\051}{section.3}% 8
\BOOKMARK [2][-]{subsection.3.3}{\376\377\000A\000u\000d\000i\000t\000\040\000M\000o\000d\000u\000l\000e\000\040\0002\000:\000\040\000P\000r\000o\000x\000y\000\040\000A\000u\000d\000i\000t\000\040\000\050\000P\000A\000\051}{section.3}% 9
\BOOKMARK [2][-]{subsection.3.4}{\376\377\000A\000u\000d\000i\000t\000\040\000M\000o\000d\000u\000l\000e\000\040\0003\000:\000\040\000S\000t\000r\000u\000c\000t\000u\000r\000e\000\040\000A\000u\000d\000i\000t\000\040\000\050\000S\000A\000\051}{section.3}% 10
\BOOKMARK [2][-]{subsection.3.5}{\376\377\000C\000l\000a\000i\000m\000\040\000L\000e\000v\000e\000l\000\040\000A\000s\000s\000i\000g\000n\000m\000e\000n\000t}{section.3}% 11
\BOOKMARK [1][-]{section.4}{\376\377\000S\000i\000g\000n\000a\000l\000\040\000P\000r\000o\000c\000e\000s\000s\000i\000n\000g\000\040\000a\000n\000d\000\040\000F\000e\000a\000t\000u\000r\000e\000\040\000E\000n\000g\000i\000n\000e\000e\000r\000i\000n\000g}{}% 12
\BOOKMARK [2][-]{subsection.4.1}{\376\377\000P\000r\000e\000-\000M\000o\000d\000e\000l\000i\000n\000g\000\040\000S\000i\000g\000n\000a\000l\000\040\000P\000r\000o\000c\000e\000s\000s\000i\000n\000g}{section.4}% 13
\BOOKMARK [2][-]{subsection.4.2}{\376\377\000F\000e\000a\000t\000u\000r\000e\000\040\000E\000x\000t\000r\000a\000c\000t\000i\000o\000n\000\040\000a\000n\000d\000\040\000N\000o\000r\000m\000a\000l\000i\000z\000a\000t\000i\000o\000n}{section.4}% 14
\BOOKMARK [1][-]{section.5}{\376\377\000E\000x\000p\000e\000r\000i\000m\000e\000n\000t\000a\000l\000\040\000D\000e\000m\000o\000n\000s\000t\000r\000a\000t\000i\000o\000n\000s}{}% 15
\BOOKMARK [2][-]{subsection.5.1}{\376\377\000S\000W\000E\000L\000L\000-\000K\000W\000:\000\040\000A\000u\000d\000i\000t\000i\000n\000g\000\040\000M\000e\000n\000t\000a\000l\000\040\000E\000f\000f\000o\000r\000t\000\040\000i\000n\000\040\000K\000n\000o\000w\000l\000e\000d\000g\000e\000\040\000W\000o\000r\000k}{section.5}% 16
\BOOKMARK [3][-]{subsubsection.5.1.1}{\376\377\000R\000e\000s\000o\000l\000u\000t\000i\000o\000n\000\040\000A\000u\000d\000i\000t\000\040\000\050\000R\000A\000\051}{subsection.5.1}% 17
\BOOKMARK [3][-]{subsubsection.5.1.2}{\376\377\000P\000r\000o\000x\000y\000\040\000a\000n\000d\000\040\000S\000t\000r\000u\000c\000t\000u\000r\000e\000\040\000A\000u\000d\000i\000t\000s\000\040\000\050\000P\000A\000,\000\040\000S\000A\000\051}{subsection.5.1}% 18
\BOOKMARK [2][-]{subsection.5.2}{\376\377\000W\000E\000S\000A\000D\000:\000\040\000A\000u\000d\000i\000t\000i\000n\000g\000\040\000S\000t\000r\000e\000s\000s\000\040\000v\000s\000.\000\040\000P\000h\000y\000s\000i\000c\000a\000l\000\040\000A\000c\000t\000i\000v\000i\000t\000y}{section.5}% 19
\BOOKMARK [3][-]{subsubsection.5.2.1}{\376\377\000P\000r\000o\000x\000y\000\040\000A\000u\000d\000i\000t\000\040\000\050\000P\000A\000\051}{subsection.5.2}% 20
\BOOKMARK [3][-]{subsubsection.5.2.2}{\376\377\000S\000t\000r\000u\000c\000t\000u\000r\000e\000\040\000A\000u\000d\000i\000t\000\040\000\050\000S\000A\000\051}{subsection.5.2}% 21
\BOOKMARK [2][-]{subsection.5.3}{\376\377\000S\000u\000m\000m\000a\000r\000y\000\040\000o\000f\000\040\000A\000u\000d\000i\000t\000\040\000R\000e\000s\000u\000l\000t\000s}{section.5}% 22
\BOOKMARK [1][-]{section.6}{\376\377\000A\000u\000d\000i\000t\000\040\000I\000m\000p\000l\000e\000m\000e\000n\000t\000a\000t\000i\000o\000n\000\040\000D\000e\000t\000a\000i\000l\000s}{}% 23
\BOOKMARK [2][-]{subsection.6.1}{\376\377\000A\000l\000g\000o\000r\000i\000t\000h\000m\000i\000c\000\040\000P\000r\000o\000c\000e\000d\000u\000r\000e\000s}{section.6}% 24
\BOOKMARK [2][-]{subsection.6.2}{\376\377\000S\000e\000n\000s\000o\000r\000\040\000a\000n\000d\000\040\000F\000e\000a\000t\000u\000r\000e\000\040\000S\000p\000e\000c\000i\000f\000i\000c\000a\000t\000i\000o\000n\000s}{section.6}% 25
\BOOKMARK [1][-]{section.7}{\376\377\000D\000i\000s\000c\000u\000s\000s\000i\000o\000n\000:\000\040\000I\000m\000p\000l\000i\000c\000a\000t\000i\000o\000n\000s\000\040\000f\000o\000r\000\040\000H\000M\000S\000\040\000D\000e\000s\000i\000g\000n}{}% 26
\BOOKMARK [2][-]{subsection.7.1}{\376\377\000F\000r\000o\000m\000\040\000A\000c\000c\000u\000r\000a\000c\000y\000-\000C\000e\000n\000t\000r\000i\000c\000\040\000t\000o\000\040\000C\000l\000a\000i\000m\000-\000C\000e\000n\000t\000r\000i\000c\000\040\000R\000e\000p\000o\000r\000t\000i\000n\000g}{section.7}% 27
\BOOKMARK [2][-]{subsection.7.2}{\376\377\000L\000a\000b\000e\000l\000S\000c\000o\000p\000e\000\040\000a\000s\000\040\000a\000n\000\040\000E\000n\000g\000i\000n\000e\000e\000r\000i\000n\000g\000\040\000S\000a\000f\000e\000g\000u\000a\000r\000d}{section.7}% 28
\BOOKMARK [2][-]{subsection.7.3}{\376\377\000L\000i\000m\000i\000t\000a\000t\000i\000o\000n\000s\000\040\000a\000n\000d\000\040\000F\000u\000t\000u\000r\000e\000\040\000W\000o\000r\000k}{section.7}% 29
\BOOKMARK [1][-]{section.8}{\376\377\000C\000o\000n\000c\000l\000u\000s\000i\000o\000n}{}% 30
\BOOKMARK [1][-]{section*.1}{\376\377\000A\000p\000p\000e\000n\000d\000i\000x\000\040\000A\000:\000\040\000R\000e\000p\000r\000e\000s\000e\000n\000t\000a\000t\000i\000v\000e\000\040\000F\000e\000a\000t\000u\000r\000e\000\040\000D\000e\000f\000i\000n\000i\000t\000i\000o\000n\000s}{}% 31
\BOOKMARK [1][-]{section*.2}{\376\377\000R\000e\000f\000e\000r\000e\000n\000c\000e\000s}{}% 32
